error: this is an unstructured error type
 --> src/lib.rs:3:38
  |
3 | pub fn uses_eyre_error_directly() -> Result<(), eyre::Report> {
  |                                      ^^^^^^^^^^^^^^^^^^^^^^^^
  |
  = note: try using an error enum
  = note: `-D clippy::library-crates-structured-errors` implied by `-D warnings`
  = help: to override `-D warnings` add `#[allow(clippy::library_crates_structured_errors)]`

error: this is an unstructured error type
 --> src/lib.rs:7:40
  |
7 | pub fn uses_eyre_error_indirectly() -> eyre::Result<()> {
  |                                        ^^^^^^^^^^^^^^^^
  |
  = note: try using an error enum

error: could not compile `uses_eyre` (lib) due to 2 previous errors
